1. perintah dir untuk menampilkan folder/direktori
C:\Users\dian>dir
 Volume in drive C has no label.
 Volume Serial Number is 6057-F653

 Directory of C:\Users\dian

01/22/2020  12:18 AM    <DIR>          .
01/22/2020  12:18 AM    <DIR>          ..
12/24/2019  01:02 AM    <DIR>          .android
12/31/2019  10:12 PM               688 .bash_history
11/29/2019  05:38 AM    <DIR>          .cache
11/29/2019  01:16 PM    <DIR>          .spss
11/29/2019  07:13 PM    <DIR>          Contacts
12/19/2019  04:35 AM    <DIR>          Desktop
01/22/2020  12:18 AM    <DIR>          Documents
02/15/2020  02:40 PM    <DIR>          Downloads
11/29/2019  07:13 PM    <DIR>          Favorites
11/29/2019  07:13 PM    <DIR>          Links
11/29/2019  07:13 PM    <DIR>          Music
02/07/2020  06:18 PM    <DIR>          OneDrive
11/29/2019  07:14 PM    <DIR>          Pictures
11/29/2019  07:13 PM    <DIR>          Saved Games
11/29/2019  07:14 PM    <DIR>          Searches
02/18/2020  11:30 AM    <DIR>          Videos

2.perintah DATE untuk menampilkan tanggal, bulan, dan tahun
C:\Users\dian>DATE
The current date is: Tue 02/18/2020
Enter the new date: (mm-dd-yy)

3.perintah help
C:\Users\dian>help
For more information on a specific command, type HELP command-name
ASSOC          Displays or modifies file extension associations.
ATTRIB         Displays or changes file attributes.
BREAK          Sets or clears extended CTRL+C checking.
BCDEDIT        Sets properties in boot database to control boot loading.
CACLS          Displays or modifies access control lists (ACLs) of files.
CALL           Calls one batch program from another.
CD             Displays the name of or changes the current directory.
CHCP           Displays or sets the active code page number.
CHDIR          Displays the name of or changes the current directory.
CHKDSK         Checks a disk and displays a status report.
CHKNTFS        Displays or modifies the checking of disk at boot time.
CLS            Clears the screen.
CMD            Starts a new instance of the Windows command interpreter.
COLOR          Sets the default console foreground and background colors.
COMP           Compares the contents of two files or sets of files.
COMPACT        Displays or alters the compression of files on NTFS partitions.
CONVERT        Converts FAT volumes to NTFS.  You cannot convert the
               current drive.
COPY           Copies one or more files to another location.
DATE           Displays or sets the date.
DEL            Deletes one or more files.
DIR            Displays a list of files and subdirectories in a directory.
DISKPART       Displays or configures Disk Partition properties.
DOSKEY         Edits command lines, recalls Windows commands, and
               creates macros.
DRIVERQUERY    Displays current device driver status and properties.
ECHO           Displays messages, or turns command echoing on or off.
ENDLOCAL       Ends localization of environment changes in a batch file.
ERASE          Deletes one or more files.
EXIT           Quits the CMD.EXE program (command interpreter).
FC             Compares two files or sets of files, and displays the
               differences between them.
FIND           Searches for a text string in a file or files.
FINDSTR        Searches for strings in files.
FOR            Runs a specified command for each file in a set of files.
FORMAT         Formats a disk for use with Windows.
FSUTIL         Displays or configures the file system properties.
FTYPE          Displays or modifies file types used in file extension
               associations.
GOTO           Directs the Windows command interpreter to a labeled line in
               a batch program.
GPRESULT       Displays Group Policy information for machine or user.
GRAFTABL       Enables Windows to display an extended character set in
               graphics mode.
HELP           Provides Help information for Windows commands.
ICACLS         Display, modify, backup, or restore ACLs for files and
               directories.
IF             Performs conditional processing in batch programs.
LABEL          Creates, changes, or deletes the volume label of a disk.
MD             Creates a directory.
MKDIR          Creates a directory.
MKLINK         Creates Symbolic Links and Hard Links
MODE           Configures a system device.
MORE           Displays output one screen at a time.
MOVE           Moves one or more files from one directory to another
               directory.
OPENFILES      Displays files opened by remote users for a file share.
PATH           Displays or sets a search path for executable files.
PAUSE          Suspends processing of a batch file and displays a message.
POPD           Restores the previous value of the current directory saved by
               PUSHD.
PRINT          Prints a text file.
PROMPT         Changes the Windows command prompt.
PUSHD          Saves the current directory then changes it.
RD             Removes a directory.
RECOVER        Recovers readable information from a bad or defective disk.
REM            Records comments (remarks) in batch files or CONFIG.SYS.
REN            Renames a file or files.
RENAME         Renames a file or files.
REPLACE        Replaces files.
RMDIR          Removes a directory.
ROBOCOPY       Advanced utility to copy files and directory trees
SET            Displays, sets, or removes Windows environment variables.
SETLOCAL       Begins localization of environment changes in a batch file.
SC             Displays or configures services (background processes).
SCHTASKS       Schedules commands and programs to run on a computer.
SHIFT          Shifts the position of replaceable parameters in batch files.
SHUTDOWN       Allows proper local or remote shutdown of machine.
SORT           Sorts input.
START          Starts a separate window to run a specified program or command.
SUBST          Associates a path with a drive letter.
SYSTEMINFO     Displays machine specific properties and configuration.
TASKLIST       Displays all currently running tasks including services.
TASKKILL       Kill or stop a running process or application.
TIME           Displays or sets the system time.
TITLE          Sets the window title for a CMD.EXE session.
TREE           Graphically displays the directory structure of a drive or
               path.
TYPE           Displays the contents of a text file.
VER            Displays the Windows version.
VERIFY         Tells Windows whether to verify that your files are written
               correctly to a disk.
VOL            Displays a disk volume label and serial number.
XCOPY          Copies files and directory trees.
WMIC           Displays WMI information inside interactive command shell.

For more information on tools see the command-line reference in the online help.

4.perintah pindah ke direktory Musik
C:\Users\dian>cd Music

C:\Users\dian\Music>

5.perintah c ..
C:\Users\dian\Music>cd ..

C:\Users\dian>
               1 File(s)            688 bytes
              17 Dir(s)  71,705,751,552 bytes free

6. perintah membersikan layar
   C:\Users\dian>cls
7. perintah untuk menampilkan wifi yang pernah terhubung
C:\Users\dian>netsh wlan show profile

Profiles on interface Wi-Fi:

Group policy profiles (read only)
---------------------------------
    <None>

User profiles
-------------
    All User Profile     : BISKOM-UAD
    All User Profile     : Ktt punya
    All User Profile     : NYANKOBIG
    All User Profile     : Kedai grombyang
    All User Profile     : Rocketchicken
    All User Profile     : Panggon Srawung
    All User Profile     : 6666
    All User Profile     : SBJ3

8.perintah TIME untuk menampilka waktu
 C:\Users\dian>time
The current time is: 12:47:07.52
Enter the new time:

9. perintah CALC untuk menampilkan kalkulator
10.perintah help untuk menampilkan bantuan
C:\Users\dian>help
For more information on a specific command, type HELP command-name
ASSOC          Displays or modifies file extension associations.
ATTRIB         Displays or changes file attributes.
BREAK          Sets or clears extended CTRL+C checking.
BCDEDIT        Sets properties in boot database to control boot loading.
CACLS          Displays or modifies access control lists (ACLs) of files.
CALL           Calls one batch program from another.
CD             Displays the name of or changes the current directory.
CHCP           Displays or sets the active code page number.
CHDIR          Displays the name of or changes the current directory.
CHKDSK         Checks a disk and displays a status report.
CHKNTFS        Displays or modifies the checking of disk at boot time.
CLS            Clears the screen.
CMD            Starts a new instance of the Windows command interpreter.
COLOR          Sets the default console foreground and background colors.
COMP           Compares the contents of two files or sets of files.
COMPACT        Displays or alters the compression of files on NTFS partitions.
CONVERT        Converts FAT volumes to NTFS.  You cannot convert the
               current drive.
COPY           Copies one or more files to another location.
DATE           Displays or sets the date.
DEL            Deletes one or more files.
DIR            Displays a list of files and subdirectories in a directory.
DISKPART       Displays or configures Disk Partition properties.
DOSKEY         Edits command lines, recalls Windows commands, and
               creates macros.
DRIVERQUERY    Displays current device driver status and properties.
ECHO           Displays messages, or turns command echoing on or off.
ENDLOCAL       Ends localization of environment changes in a batch file.
ERASE          Deletes one or more files.
EXIT           Quits the CMD.EXE program (command interpreter).
FC             Compares two files or sets of files, and displays the
               differences between them.
FIND           Searches for a text string in a file or files.
FINDSTR        Searches for strings in files.
FOR            Runs a specified command for each file in a set of files.
FORMAT         Formats a disk for use with Windows.
FSUTIL         Displays or configures the file system properties.
FTYPE          Displays or modifies file types used in file extension
               associations.
GOTO           Directs the Windows command interpreter to a labeled line in
               a batch program.
GPRESULT       Displays Group Policy information for machine or user.
GRAFTABL       Enables Windows to display an extended character set in
               graphics mode.
HELP           Provides Help information for Windows commands.
ICACLS         Display, modify, backup, or restore ACLs for files and
               directories.
IF             Performs conditional processing in batch programs.
LABEL          Creates, changes, or deletes the volume label of a disk.
MD             Creates a directory.
MKDIR          Creates a directory.
MKLINK         Creates Symbolic Links and Hard Links
MODE           Configures a system device.
MORE           Displays output one screen at a time.
MOVE           Moves one or more files from one directory to another
               directory.
OPENFILES      Displays files opened by remote users for a file share.
PATH           Displays or sets a search path for executable files.
PAUSE          Suspends processing of a batch file and displays a message.
POPD           Restores the previous value of the current directory saved by
               PUSHD.
PRINT          Prints a text file.
PROMPT         Changes the Windows command prompt.
PUSHD          Saves the current directory then changes it.
RD             Removes a directory.
RECOVER        Recovers readable information from a bad or defective disk.
REM            Records comments (remarks) in batch files or CONFIG.SYS.
REN            Renames a file or files.
RENAME         Renames a file or files.
REPLACE        Replaces files.
RMDIR          Removes a directory.
ROBOCOPY       Advanced utility to copy files and directory trees
SET            Displays, sets, or removes Windows environment variables.
SETLOCAL       Begins localization of environment changes in a batch file.
SC             Displays or configures services (background processes).
SCHTASKS       Schedules commands and programs to run on a computer.
SHIFT          Shifts the position of replaceable parameters in batch files.
SHUTDOWN       Allows proper local or remote shutdown of machine.
SORT           Sorts input.
START          Starts a separate window to run a specified program or command.
SUBST          Associates a path with a drive letter.
SYSTEMINFO     Displays machine specific properties and configuration.
TASKLIST       Displays all currently running tasks including services.
TASKKILL       Kill or stop a running process or application.
TIME           Displays or sets the system time.
TITLE          Sets the window title for a CMD.EXE session.
TREE           Graphically displays the directory structure of a drive or
               path.
TYPE           Displays the contents of a text file.
VER            Displays the Windows version.
VERIFY         Tells Windows whether to verify that your files are written
               correctly to a disk.
VOL            Displays a disk volume label and serial number.
XCOPY          Copies files and directory trees.
WMIC           Displays WMI information inside interactive command shell.

For more information on tools see the command-line reference in the online help. 

11. perintah color r untuk menampilkan jenis jenis warna pada text 
12. perintah TASKMGR untuk menampilkan task manager
13. perintah echo untuk menampilkan pesan pada layar cmd
 C:\Users\dian>echo
ECHO is on.

C:\Users\dian>echo off
echo on

14. perintah ping untuk menguji koneksi jaringan
C:\Users\dian>ping

Usage: ping [-t] [-a] [-n count] [-l size] [-f] [-i TTL] [-v TOS]
            [-r count] [-s count] [[-j host-list] | [-k host-list]]
            [-w timeout] [-R] [-S srcaddr] [-c compartment] [-p]
            [-4] [-6] target_name

Options:
    -t             Ping the specified host until stopped.
                   To see statistics and continue - type Control-Break;
                   To stop - type Control-C.
    -a             Resolve addresses to hostnames.
    -n count       Number of echo requests to send.
    -l size        Send buffer size.
    -f             Set Don't Fragment flag in packet (IPv4-only).
    -i TTL         Time To Live.
    -v TOS         Type Of Service (IPv4-only. This setting has been deprecated
                   and has no effect on the type of service field in the IP
                   Header).
    -r count       Record route for count hops (IPv4-only).
    -s count       Timestamp for count hops (IPv4-only).
    -j host-list   Loose source route along host-list (IPv4-only).
    -k host-list   Strict source route along host-list (IPv4-only).
    -w timeout     Timeout in milliseconds to wait for each reply.
    -R             Use routing header to test reverse route also (IPv6-only).
                   Per RFC 5095 the use of this routing header has been
                   deprecated. Some systems may drop echo requests if
                   this header is used.
    -S srcaddr     Source address to use.
    -c compartment Routing compartment identifier.
    -p             Ping a Hyper-V Network Virtualization provider address.
    -4             Force using IPv4.
    -6             Force using IPv6.
15 perintah ip config untuk menampilan konfigurasi ip
C:\Users\dian>ipconfig

Windows IP Configuration


Ethernet adapter Ethernet:

   Media State . . . . . . . . . . . : Media disconnected
   Connection-specific DNS Suffix  . :

Wireless LAN adapter Local Area Connection* 3:

   Media State . . . . . . . . . . . : Media disconnected
   Connection-specific DNS Suffix  . :

Wireless LAN adapter Wi-Fi:

   Connection-specific DNS Suffix  . :
   Link-local IPv6 Address . . . . . : fe80::e82e:b9ea:4040:5541%4
   IPv4 Address. . . . . . . . . . . : 10.0.137.18
   Subnet Mask . . . . . . . . . . . : 255.255.0.0
   Default Gateway . . . . . . . . . : 10.0.0.1

Ethernet adapter Bluetooth Network Connection:

   Media State . . . . . . . . . . . : Media disconnected
   Connection-specific DNS Suffix  . :

Tunnel adapter isatap.{2B9627DF-90EF-4DAC-969D-188FC3F362F7}:

   Media State . . . . . . . . . . . : Media disconnected
   Connection-specific DNS Suffix  . :

Tunnel adapter Teredo Tunneling Pseudo-Interface:

   Connection-specific DNS Suffix  . :
   IPv6 Address. . . . . . . . . . . : 2001:0:2851:782c:20d1:1495:98ec:4afe
   Link-local IPv6 Address . . . . . : fe80::20d1:1495:98ec:4afe%6
   Default Gateway . . . . . . . . . : ::

16. perintah SC untuk menampilkan kontrol layanan
C:\Users\dian>SC
DESCRIPTION:
        SC is a command line program used for communicating with the
        Service Control Manager and services.
USAGE:
        sc <server> [command] [service name] <option1> <option2>...


        The option <server> has the form "\\ServerName"
        Further help on commands can be obtained by typing: "sc [command]"
        Commands:
          query-----------Queries the status for a service, or
                          enumerates the status for types of services.
          queryex---------Queries the extended status for a service, or
                          enumerates the status for types of services.
          start-----------Starts a service.
          pause-----------Sends a PAUSE control request to a service.
          interrogate-----Sends an INTERROGATE control request to a service.
          continue--------Sends a CONTINUE control request to a service.
          stop------------Sends a STOP request to a service.
          config----------Changes the configuration of a service (persistent).
          description-----Changes the description of a service.
          failure---------Changes the actions taken by a service upon failure.
          failureflag-----Changes the failure actions flag of a service.
          sidtype---------Changes the service SID type of a service.
          privs-----------Changes the required privileges of a service.
          managedaccount--Changes the service to mark the service account
                          password as managed by LSA.
          qc--------------Queries the configuration information for a service.
          qdescription----Queries the description for a service.
          qfailure--------Queries the actions taken by a service upon failure.
          qfailureflag----Queries the failure actions flag of a service.
          qsidtype--------Queries the service SID type of a service.
          qprivs----------Queries the required privileges of a service.
          qtriggerinfo----Queries the trigger parameters of a service.
          qpreferrednode--Queries the preferred NUMA node of a service.
          qmanagedaccount-Queries whether a services uses an account with a
                          password managed by LSA.
          qprotection-----Queries the process protection level of a service.
          delete----------Deletes a service (from the registry).
          create----------Creates a service. (adds it to the registry).
          control---------Sends a control to a service.
          sdshow----------Displays a service's security descriptor.
          sdset-----------Sets a service's security descriptor.
          showsid---------Displays the service SID string corresponding to an arbitrary name.
          triggerinfo-----Configures the trigger parameters of a service.
          preferrednode---Sets the preferred NUMA node of a service.
          GetDisplayName--Gets the DisplayName for a service.
          GetKeyName------Gets the ServiceKeyName for a service.
          EnumDepend------Enumerates Service Dependencies.

        The following commands don't require a service name:
        sc <server> <command> <option>
          boot------------(ok | bad) Indicates whether the last boot should
                          be saved as the last-known-good boot configuration
          Lock------------Locks the Service Database
          QueryLock-------Queries the LockStatus for the SCManager Database
EXAMPLE:
        sc start MyService


QUERY and QUERYEX OPTIONS:
        If the query command is followed by a service name, the status
        for that service is returned.  Further options do not apply in
        this case.  If the query command is followed by nothing or one of
        the options listed below, the services are enumerated.
    type=    Type of services to enumerate (driver, service, userservice, all)
             (default = service)
    state=   State of services to enumerate (inactive, all)
             (default = active)
    bufsize= The size (in bytes) of the enumeration buffer
             (default = 4096)
    ri=      The resume index number at which to begin the enumeration
             (default = 0)
    group=   Service group to enumerate
             (default = all groups)

SYNTAX EXAMPLES
sc query                - Enumerates status for active services & drivers
sc query eventlog       - Displays status for the eventlog service
sc queryex eventlog     - Displays extended status for the eventlog service
sc query type= driver   - Enumerates only active drivers
sc query type= service  - Enumerates only Win32 services
sc query state= all     - Enumerates all services & drivers
sc query bufsize= 50    - Enumerates with a 50 byte buffer
sc query ri= 14         - Enumerates with resume index = 14
sc queryex group= ""    - Enumerates active services not in a group
sc query type= interact - Enumerates all interactive services
sc query type= driver group= NDIS     - Enumerates all NDIS drivers

17. perintah ver untuk menampilkan versi pada sistem operasi 
C:\Users\dian> ver

Microsoft Windows [Version 10.0.10240]
18. perintah VOL untuk menampilkan label disk
C:\Users\dian>vol
 Volume in drive C has no label.
 Volume Serial Number is 6057-F653

19.Perintah where untuk menampilkan file dalam pohon direktori
C:\Users\dian>where
The syntax of this command is:

WHERE [/R dir] [/Q] [/F] [/T] pattern...

Description:
    Displays the location of files that match the search pattern.
    By default, the search is done along the current directory and
    in the paths specified by the PATH environment variable.

Parameter List:
    /R       Recursively searches and displays the files that match the
             given pattern starting from the specified directory.

    /Q       Returns only the exit code, without displaying the list
             of matched files. (Quiet mode)

    /F       Displays the matched filename in double quotes.

    /T       Displays the file size, last modified date and time for all
             matched files.

    pattern  Specifies the search pattern for the files to match.
             Wildcards * and ? can be used in the pattern. The
             "$env:pattern" and "path:pattern" formats can also be
             specified, where "env" is an environment variable and
             the search is done in the specified paths of the "env"
             environment variable. These formats should not be used
             with /R. The search is also done by appending the
             extensions of the PATHEXT variable to the pattern.

     /?      Displays this help message.

  NOTE: The tool returns an error level of 0 if the search is
        successful, of 1 if the search is unsuccessful and
        of 2 for failures or errors.

Examples:
    WHERE /?
    WHERE myfilename1 myfile????.*
    WHERE $windir:*.*
    WHERE /R c:\windows *.exe *.dll *.bat
    WHERE /Q ??.???
    WHERE "c:\windows;c:\windows\system32:*.dll"
    WHERE /F /T *.dll

20. perintah whoami untuk menampilkan username saat ini
C:\Users\dian> whoami
desktop-rq3itmh\dian